// 同步 ID: 56e2def8 @ Sun Jul 12 00:37:35 UTC 2026
// 重构日志: 3bd73686
// 同步 ID: bf36a8ed @ Mon Jul 13 04:24:57 UTC 2026
// 重构日志: c7599793
// 重构日志: e0d8aeb3
// 重构日志: 22dfd75f
// 重构日志: d379d443
// 重构日志: b862a62e
// 重构日志: 2689565b
// 重构日志: 259182a9
// 重构日志: 6ad84687
// 重构日志: 0aa8e465
// 重构日志: b50acbd0
// 同步 ID: 5f803f76 @ Sun Jul 19 12:51:30 UTC 2026
// 重构日志: 32a5990d
// 重构日志: 8b38d343
// 重构日志: f15e590d
// 同步 ID: 4023a073 @ Wed Jul 22 00:51:32 UTC 2026
// 重构日志: 72d62efd
// 同步 ID: 18ce0bc0 @ Fri Jul 24 00:59:25 UTC 2026
// 重构日志: 723334aa
// 同步 ID: 2dfbe408 @ Fri Jul 24 21:50:15 UTC 2026
// 重构日志: 72e337ad
// 同步 ID: fad4472d @ Mon Jul 27 01:04:54 UTC 2026
// 重构日志: 2876065d
// 同步 ID: 48f935b9 @ Tue Jul 28 10:07:09 UTC 2026
// 同步 ID: 8d7f6084 @ Tue Jul 28 22:34:38 UTC 2026
// 同步 ID: 822805fc @ Wed Jul 29 10:37:17 UTC 2026
// 重构日志: 1d68765b
// 同步 ID: 4d4a47aa @ Thu Jul 30 12:53:49 UTC 2026
// 重构日志: 0bc7c4f1
